======================================================
 FACE-C Method Alignment Audit
======================================================
 Repo:       /users/0/zhan9381/FACE-C
 Output:     diagnosis/method_alignment/audit_results
 Start:      Thu May 28 05:37:35 CDT 2026
 Host:       cn1109
 Job:        9876509
======================================================
[1] FALSE
[1] FALSE
[1] FALSE
[1] FALSE
[1] FALSE
[1] FALSE
[1] TRUE
[1] TRUE
[1] TRUE
[1] TRUE
[1] TRUE
[1] TRUE
[1] TRUE
[1] TRUE
[1] TRUE
[1] TRUE
[1] TRUE
[1] TRUE
[1] TRUE
[method-audit] wrote /users/0/zhan9381/FACE-C/diagnosis/method_alignment/audit_results/20260528_053735_job9876509_method_alignment_audit.csv
[method-audit] wrote /users/0/zhan9381/FACE-C/diagnosis/method_alignment/audit_results/20260528_053735_job9876509_method_alignment_summary.csv
             area                     status severity n_checks
   implementation                       pass critical        8
         main_tex                       pass critical        3
      nuisance_cv                       pass critical        2
   FACE_reference                       fail     info        1
      method_file                       pass     info        1
      nuisance_cv                       pass     info        1
   FACE_reference                       fail  warning        2
  SMMAL_reference                       fail  warning        3
      nuisance_cv             needs_followup  warning        1
 oracle_benchmark needs_source_fix_candidate  warning        1
[method-audit] DONE
======================================================
 Method alignment audit completed at Thu May 28 05:37:36 CDT 2026
======================================================
