\BOOKMARK [1][-]{section.1}{\376\377\000I\000n\000t\000r\000o\000d\000u\000c\000t\000i\000o\000n}{}% 1
\BOOKMARK [1][-]{section.2}{\376\377\000F\000r\000a\000m\000e\000w\000o\000r\000k\000\040\000f\000o\000r\000\040\000M\000u\000l\000t\000i\000-\000S\000i\000t\000e\000\040\000C\000a\000u\000s\000a\000l\000\040\000I\000n\000f\000e\000r\000e\000n\000c\000e}{}% 2
\BOOKMARK [2][-]{subsection.2.1}{\376\377\000P\000r\000o\000b\000l\000e\000m\000\040\000S\000e\000t\000t\000i\000n\000g\000\040\000a\000n\000d\000\040\000N\000o\000t\000a\000t\000i\000o\000n}{section.2}% 3
\BOOKMARK [2][-]{subsection.2.2}{\376\377\000G\000e\000n\000e\000r\000a\000l\000i\000z\000e\000d\000\040\000L\000i\000n\000e\000a\000r\000\040\000M\000o\000d\000e\000l\000\040\000F\000r\000a\000m\000e\000w\000o\000r\000k}{section.2}% 4
\BOOKMARK [3][-]{subsubsection.2.2.1}{\376\377\000E\000x\000p\000o\000n\000e\000n\000t\000i\000a\000l\000-\000T\000i\000l\000t\000i\000n\000g\000\040\000C\000a\000l\000i\000b\000r\000a\000t\000i\000o\000n\000\040\000W\000e\000i\000g\000h\000t\000s\000\040\000f\000o\000r\000\040\000S\000i\000t\000e\000/\000T\000r\000e\000a\000t\000m\000e\000n\000t\000\040\000R\000e\000w\000e\000i\000g\000h\000t\000i\000n\000g}{subsection.2.2}% 5
\BOOKMARK [3][-]{subsubsection.2.2.2}{\376\377\000G\000L\000M\000-\000B\000a\000s\000e\000d\000\040\000O\000u\000t\000c\000o\000m\000e\000\040\000M\000o\000d\000e\000l\000s}{subsection.2.2}% 6
\BOOKMARK [2][-]{subsection.2.3}{\376\377\000D\000o\000u\000b\000l\000y\000\040\000R\000o\000b\000u\000s\000t\000\040\000E\000s\000t\000i\000m\000a\000t\000o\000r\000s}{section.2}% 7
\BOOKMARK [1][-]{section.3}{\376\377\000P\000a\000r\000a\000m\000e\000t\000e\000r\000\040\000E\000s\000t\000i\000m\000a\000t\000i\000o\000n\000\040\000a\000n\000d\000\040\000L\000o\000s\000s\000\040\000F\000u\000n\000c\000t\000i\000o\000n\000s}{}% 8
\BOOKMARK [2][-]{subsection.3.1}{\376\377\000T\000h\000e\000\040\000C\000o\000u\000p\000l\000i\000n\000g\000\040\000C\000h\000a\000l\000l\000e\000n\000g\000e\000\040\000i\000n\000\040\000F\000e\000d\000e\000r\000a\000t\000e\000d\000\040\000S\000e\000t\000t\000i\000n\000g\000s}{section.3}% 9
\BOOKMARK [2][-]{subsection.3.2}{\376\377\000D\000e\000r\000i\000v\000a\000t\000i\000o\000n\000\040\000o\000f\000\040\000L\000o\000s\000s\000\040\000F\000u\000n\000c\000t\000i\000o\000n\000s}{section.3}% 10
\BOOKMARK [2][-]{subsection.3.3}{\376\377\000T\000w\000o\000-\000S\000t\000e\000p\000\040\000E\000s\000t\000i\000m\000a\000t\000i\000o\000n\000\040\000P\000r\000o\000c\000e\000d\000u\000r\000e}{section.3}% 11
\BOOKMARK [1][-]{section.4}{\376\377\000A\000s\000y\000m\000p\000t\000o\000t\000i\000c\000\040\000P\000r\000o\000p\000e\000r\000t\000i\000e\000s\000,\000\040\000A\000g\000g\000r\000e\000g\000a\000t\000i\000o\000n\000,\000\040\000a\000n\000d\000\040\000I\000n\000f\000e\000r\000e\000n\000c\000e}{}% 12
\BOOKMARK [2][-]{subsection.4.1}{\376\377\000I\000n\000f\000l\000u\000e\000n\000c\000e\000\040\000F\000u\000n\000c\000t\000i\000o\000n\000s\000\040\000a\000n\000d\000\040\000V\000a\000r\000i\000a\000n\000c\000e\000\040\000C\000o\000m\000p\000o\000n\000e\000n\000t\000s}{section.4}% 13
\BOOKMARK [3][-]{subsubsection.4.1.1}{\376\377\000S\000p\000e\000c\000i\000f\000i\000c\000\040\000I\000n\000f\000l\000u\000e\000n\000c\000e\000\040\000F\000u\000n\000c\000t\000i\000o\000n\000s}{subsection.4.1}% 14
\BOOKMARK [3][-]{subsubsection.4.1.2}{\376\377\000V\000a\000r\000i\000a\000n\000c\000e\000\040\000C\000o\000m\000p\000o\000n\000e\000n\000t\000s}{subsection.4.1}% 15
\BOOKMARK [2][-]{subsection.4.2}{\376\377\000O\000p\000t\000i\000m\000a\000l\000\040\000A\000g\000g\000r\000e\000g\000a\000t\000i\000o\000n\000\040\000o\000f\000\040\000E\000s\000t\000i\000m\000a\000t\000o\000r\000s}{section.4}% 16
\BOOKMARK [2][-]{subsection.4.3}{\376\377\000P\000r\000e\000v\000e\000n\000t\000i\000n\000g\000\040\000N\000e\000g\000a\000t\000i\000v\000e\000\040\000T\000r\000a\000n\000s\000f\000e\000r\000\040\000v\000i\000a\000\040\000P\000e\000n\000a\000l\000i\000z\000e\000d\000\040\000A\000g\000g\000r\000e\000g\000a\000t\000i\000o\000n}{section.4}% 17
\BOOKMARK [2][-]{subsection.4.4}{\376\377\000T\000h\000e\000o\000r\000e\000t\000i\000c\000a\000l\000\040\000R\000e\000g\000u\000l\000a\000r\000i\000t\000y\000\040\000C\000o\000n\000d\000i\000t\000i\000o\000n\000s\000\040\000\050\000S\000u\000m\000m\000a\000r\000y\000\051}{section.4}% 18
\BOOKMARK [1][-]{section.5}{\376\377\000F\000e\000d\000e\000r\000a\000t\000e\000d\000\040\000L\000e\000a\000r\000n\000i\000n\000g\000\040\000A\000l\000g\000o\000r\000i\000t\000h\000m\000s}{}% 19
\BOOKMARK [2][-]{subsection.5.1}{\376\377\000T\000w\000o\000-\000R\000o\000u\000n\000d\000\040\000C\000o\000m\000m\000u\000n\000i\000c\000a\000t\000i\000o\000n\000\040\000f\000o\000r\000\040\000C\000a\000l\000i\000b\000r\000a\000t\000e\000d\000\040\000E\000s\000t\000i\000m\000a\000t\000i\000o\000n}{section.5}% 20
\BOOKMARK [1][-]{section.6}{\376\377\000C\000r\000o\000s\000s\000-\000V\000a\000l\000i\000d\000a\000t\000i\000o\000n\000\040\000a\000n\000d\000\040\000T\000u\000n\000i\000n\000g\000\040\000P\000a\000r\000a\000m\000e\000t\000e\000r\000s}{}% 21
\BOOKMARK [2][-]{subsection.6.1}{\376\377\000C\000r\000o\000s\000s\000-\000V\000a\000l\000i\000d\000a\000t\000i\000o\000n\000\040\000f\000o\000r\000\040\000N\000u\000i\000s\000a\000n\000c\000e\000\040\000M\000o\000d\000e\000l\000s}{section.6}% 22
\BOOKMARK [2][-]{subsection.6.2}{\376\377\000T\000u\000n\000i\000n\000g\000\040\000t\000h\000e\000\040\000A\000g\000g\000r\000e\000g\000a\000t\000i\000o\000n\000\040\000P\000e\000n\000a\000l\000t\000y}{section.6}% 23
\BOOKMARK [3][-]{subsubsection.6.2.1}{\376\377\000D\000a\000t\000a\000-\000A\000d\000a\000p\000t\000i\000v\000e\000\040\000L\000a\000m\000b\000d\000a\000\040\000G\000r\000i\000d}{subsection.6.2}% 24
\BOOKMARK [3][-]{subsubsection.6.2.2}{\376\377\000S\000t\000a\000b\000i\000l\000i\000s\000e\000d\000\040\000S\000e\000l\000e\000c\000t\000i\000o\000n\000\040\000v\000i\000a\000\040\000t\000h\000e\000\040\000O\000n\000e\000-\000S\000t\000a\000n\000d\000a\000r\000d\000-\000E\000r\000r\000o\000r\000\040\000R\000u\000l\000e}{subsection.6.2}% 25
\BOOKMARK [1][-]{section.7}{\376\377\000S\000i\000m\000u\000l\000a\000t\000i\000o\000n\000\040\000S\000t\000u\000d\000y\000\040\000D\000e\000s\000i\000g\000n}{}% 26
\BOOKMARK [2][-]{subsection.7.1}{\376\377\000D\000a\000t\000a\000\040\000G\000e\000n\000e\000r\000a\000t\000i\000o\000n\000\040\000F\000r\000a\000m\000e\000w\000o\000r\000k}{section.7}% 27
\BOOKMARK [2][-]{subsection.7.2}{\376\377\000C\000o\000v\000a\000r\000i\000a\000t\000e\000\040\000G\000e\000n\000e\000r\000a\000t\000i\000o\000n\000\040\000a\000n\000d\000\040\000T\000r\000a\000n\000s\000f\000o\000r\000m\000a\000t\000i\000o\000n}{section.7}% 28
\BOOKMARK [3][-]{subsubsection.7.2.1}{\376\377\000B\000a\000s\000e\000\040\000C\000o\000v\000a\000r\000i\000a\000t\000e\000s}{subsection.7.2}% 29
\BOOKMARK [3][-]{subsubsection.7.2.2}{\376\377\000N\000o\000n\000l\000i\000n\000e\000a\000r\000\040\000C\000o\000v\000a\000r\000i\000a\000t\000e\000\040\000T\000r\000a\000n\000s\000f\000o\000r\000m\000a\000t\000i\000o\000n\000s}{subsection.7.2}% 30
\BOOKMARK [2][-]{subsection.7.3}{\376\377\000S\000i\000t\000e\000\040\000M\000e\000m\000b\000e\000r\000s\000h\000i\000p\000\040\000a\000n\000d\000\040\000T\000r\000e\000a\000t\000m\000e\000n\000t\000\040\000A\000s\000s\000i\000g\000n\000m\000e\000n\000t\000\040\000M\000o\000d\000e\000l}{section.7}% 31
\BOOKMARK [3][-]{subsubsection.7.3.1}{\376\377\000M\000u\000l\000t\000i\000n\000o\000m\000i\000a\000l\000\040\000L\000o\000g\000i\000s\000t\000i\000c\000\040\000S\000i\000t\000e\000\040\000A\000s\000s\000i\000g\000n\000m\000e\000n\000t}{subsection.7.3}% 32
\BOOKMARK [3][-]{subsubsection.7.3.2}{\376\377\000S\000i\000t\000e\000\040\000M\000e\000m\000b\000e\000r\000s\000h\000i\000p\000\040\000P\000r\000o\000b\000a\000b\000i\000l\000i\000t\000i\000e\000s}{subsection.7.3}% 33
\BOOKMARK [3][-]{subsubsection.7.3.3}{\376\377\000T\000a\000r\000g\000e\000t\000\040\000S\000i\000t\000e\000\040\000T\000r\000e\000a\000t\000m\000e\000n\000t\000\040\000A\000s\000s\000i\000g\000n\000m\000e\000n\000t}{subsection.7.3}% 34
\BOOKMARK [2][-]{subsection.7.4}{\376\377\000O\000u\000t\000c\000o\000m\000e\000\040\000G\000e\000n\000e\000r\000a\000t\000i\000o\000n\000\040\000M\000o\000d\000e\000l}{section.7}% 35
\BOOKMARK [3][-]{subsubsection.7.4.1}{\376\377\000G\000e\000n\000e\000r\000a\000l\000i\000z\000e\000d\000\040\000O\000u\000t\000c\000o\000m\000e\000\040\000M\000o\000d\000e\000l\000\040\000S\000t\000r\000u\000c\000t\000u\000r\000e}{subsection.7.4}% 36
\BOOKMARK [3][-]{subsubsection.7.4.2}{\376\377\000T\000r\000u\000e\000\040\000O\000u\000t\000c\000o\000m\000e\000\040\000P\000a\000r\000a\000m\000e\000t\000e\000r\000s}{subsection.7.4}% 37
\BOOKMARK [3][-]{subsubsection.7.4.3}{\376\377\000P\000o\000t\000e\000n\000t\000i\000a\000l\000\040\000O\000u\000t\000c\000o\000m\000e\000s\000\040\000a\000n\000d\000\040\000O\000b\000s\000e\000r\000v\000e\000d\000\040\000O\000u\000t\000c\000o\000m\000e\000s}{subsection.7.4}% 38
\BOOKMARK [2][-]{subsection.7.5}{\376\377\000S\000i\000m\000u\000l\000a\000t\000i\000o\000n\000\040\000C\000o\000n\000f\000i\000g\000u\000r\000a\000t\000i\000o\000n\000s}{section.7}% 39
\BOOKMARK [1][-]{section.8}{\376\377\000D\000i\000s\000c\000u\000s\000s\000i\000o\000n}{}% 40
\BOOKMARK [1][-]{appendix.A}{\376\377\000O\000n\000e\000-\000R\000o\000u\000n\000d\000\040\000C\000o\000m\000m\000u\000n\000i\000c\000a\000t\000i\000o\000n\000\040\000A\000l\000g\000o\000r\000i\000t\000h\000m\000s\000\040\000f\000o\000r\000\040\000G\000L\000M\000\040\000O\000u\000t\000c\000o\000m\000e\000\040\000M\000o\000d\000e\000l\000s}{}% 41
\BOOKMARK [1][-]{appendix.B}{\376\377\000T\000w\000o\000-\000L\000e\000v\000e\000l\000\040\000C\000r\000o\000s\000s\000-\000f\000i\000t\000t\000i\000n\000g\000\040\000f\000o\000r\000\040\000E\000n\000h\000a\000n\000c\000e\000d\000\040\000R\000o\000b\000u\000s\000t\000n\000e\000s\000s}{}% 42
\BOOKMARK [2][-]{subsection.B.1}{\376\377\000C\000a\000l\000i\000b\000r\000a\000t\000e\000d\000\040\000L\000o\000s\000s\000\040\000F\000u\000n\000c\000t\000i\000o\000n\000s}{appendix.B}% 43
\BOOKMARK [2][-]{subsection.B.2}{\376\377\000T\000w\000o\000-\000R\000o\000u\000n\000d\000\040\000A\000l\000g\000o\000r\000i\000t\000h\000m\000\040\000w\000i\000t\000h\000\040\000T\000w\000o\000-\000L\000e\000v\000e\000l\000\040\000C\000r\000o\000s\000s\000-\000f\000i\000t\000t\000i\000n\000g}{appendix.B}% 44
\BOOKMARK [2][-]{subsection.B.3}{\376\377\000O\000n\000e\000-\000R\000o\000u\000n\000d\000\040\000A\000l\000g\000o\000r\000i\000t\000h\000m\000\040\000w\000i\000t\000h\000\040\000T\000w\000o\000-\000L\000e\000v\000e\000l\000\040\000C\000r\000o\000s\000s\000-\000f\000i\000t\000t\000i\000n\000g}{appendix.B}% 45
\BOOKMARK [1][-]{appendix.C}{\376\377\000O\000n\000e\000-\000R\000o\000u\000n\000d\000\040\000C\000o\000m\000m\000u\000n\000i\000c\000a\000t\000i\000o\000n\000\040\000A\000l\000g\000o\000r\000i\000t\000h\000m\000\040\000f\000o\000r\000\040\000L\000i\000n\000e\000a\000r\000\040\000O\000u\000t\000c\000o\000m\000e\000\040\000M\000o\000d\000e\000l\000s}{}% 46
\BOOKMARK [2][-]{subsection.C.1}{\376\377\000D\000e\000r\000i\000v\000a\000t\000i\000o\000n\000s\000\040\000f\000o\000r\000\040\000O\000n\000e\000-\000R\000o\000u\000n\000d\000\040\000L\000i\000n\000e\000a\000r\000\040\000A\000l\000g\000o\000r\000i\000t\000h\000m}{appendix.C}% 47
\BOOKMARK [3][-]{subsubsection.C.1.1}{\376\377\000V\000a\000r\000i\000a\000n\000c\000e\000\040\000a\000n\000d\000\040\000C\000o\000v\000a\000r\000i\000a\000n\000c\000e}{subsection.C.1}% 48
\BOOKMARK [3][-]{subsubsection.C.1.2}{\376\377\000L\000o\000s\000s\000\040\000F\000u\000n\000c\000t\000i\000o\000n\000s}{subsection.C.1}% 49
\BOOKMARK [2][-]{subsection.C.2}{\376\377\000A\000l\000g\000o\000r\000i\000t\000h\000m\000\040\000S\000t\000e\000p\000s}{appendix.C}% 50
